ARM Linker, RVCT4.0 [Build 524] for uVision [Evaluation]

==============================================================================

Section Cross References

    rasdemo.o(.text) refers to uartstdio.o(i.UARTprintf) for UARTprintf
    rasdemo.o(.text) refers to uart.o(i.UARTCharsAvail) for UARTCharsAvail
    rasdemo.o(.text) refers to uartstdio.o(i.UARTgetc) for UARTgetc
    rasdemo.o(.text) refers to ctype_o.o(.text) for __rt_ctype_table
    rasdemo.o(.text) refers to encoder.o(i.GetEncoderCount) for GetEncoderCount
    rasdemo.o(.text) refers to uartstdio.o(i.UARTputc) for UARTputc
    rasdemo.o(.text) refers to uartstdio.o(i.UARTgets) for UARTgets
    rasdemo.o(.text) refers to atoi.o(.text) for atoi
    rasdemo.o(.text) refers to encoder.o(i.GetEncoderCounts) for GetEncoderCounts
    rasdemo.o(.text) refers to encoder.o(i.PresetEncoderCounts) for PresetEncoderCounts
    rasdemo.o(.text) refers to timer.o(i.Wait) for Wait
    rasdemo.o(.text) refers to linesensor.o(i.ReadLineSensorAsync) for ReadLineSensorAsync
    rasdemo.o(.text) refers to linesensor.o(i.SetDischargeTime) for SetDischargeTime
    rasdemo.o(.text) refers to linesensor.o(i.ReadLineSensor) for ReadLineSensor
    rasdemo.o(.text) refers to rasdemo.o(.constdata) for .constdata
    rasdemo.o(.text) refers to rasdemo.o(.data) for .data
    rasdemo.o(.text) refers to rasdemo.o(.bss) for .bss
    rasdemo.o(.text) refers to adc.o(i.ADCProcessorTrigger) for ADCProcessorTrigger
    rasdemo.o(.text) refers to adc.o(i.ADCIntStatus) for ADCIntStatus
    rasdemo.o(.text) refers to adc.o(i.ADCSequenceDataGet) for ADCSequenceDataGet
    rasdemo.o(.text) refers to servo.o(i.SetServoPosition) for SetServoPosition
    rasdemo.o(.text) refers to motor.o(i.SetMotorPowers) for SetMotorPowers
    rasdemo.o(.text) refers to init.o(i.LockoutProtection) for LockoutProtection
    rasdemo.o(.text) refers to init.o(i.InitializeMCU) for InitializeMCU
    rasdemo.o(.text) refers to sysctl.o(i.SysCtlPeripheralEnable) for SysCtlPeripheralEnable
    rasdemo.o(.text) refers to gpio.o(i.GPIOPinTypeUART) for GPIOPinTypeUART
    rasdemo.o(.text) refers to uartstdio.o(i.UARTStdioInit) for UARTStdioInit
    rasdemo.o(.text) refers to linesensor.o(i.InitializeLineSensorAsync) for InitializeLineSensorAsync
    rasdemo.o(.text) refers to motor.o(i.InitializeMotors) for InitializeMotors
    rasdemo.o(.text) refers to servo.o(i.InitializeServos) for InitializeServos
    rasdemo.o(.text) refers to encoder.o(i.InitializeEncoders) for InitializeEncoders
    rasdemo.o(.text) refers to adc.o(i.ADCSequenceConfigure) for ADCSequenceConfigure
    rasdemo.o(.text) refers to adc.o(i.ADCSequenceStepConfigure) for ADCSequenceStepConfigure
    rasdemo.o(.text) refers to adc.o(i.ADCSequenceEnable) for ADCSequenceEnable
    startup_rvmdk.o(RESET) refers to startup_rvmdk.o(STACK) for StackMem
    startup_rvmdk.o(RESET) refers to encoder.o(i.EncoderInterruptHandler) for EncoderInterruptHandler
    startup_rvmdk.o(RESET) refers to linesensor.o(i.LSIntHandler) for LSIntHandler
    startup_rvmdk.o(RESET) refers to entry.o(.ARM.Collect$$$$00000000) for __main
    adc.o(i.ADCIntRegister) refers to interrupt.o(i.IntRegister) for IntRegister
    adc.o(i.ADCIntRegister) refers to interrupt.o(i.IntEnable) for IntEnable
    adc.o(i.ADCIntUnregister) refers to interrupt.o(i.IntDisable) for IntDisable
    adc.o(i.ADCIntUnregister) refers to interrupt.o(i.IntUnregister) for IntUnregister
    adc.o(i.ADCSoftwareOversampleConfigure) refers to adc.o(.data) for .data
    adc.o(i.ADCSoftwareOversampleDataGet) refers to adc.o(.data) for .data
    adc.o(i.ADCSoftwareOversampleStepConfigure) refers to adc.o(.data) for .data
    gpio.o(i.GPIOPinConfigure) refers to gpio.o(.constdata) for .constdata
    gpio.o(i.GPIOPinTypeADC) refers to gpio.o(i.GPIODirModeSet) for GPIODirModeSet
    gpio.o(i.GPIOPinTypeADC) refers to gpio.o(i.GPIOPadConfigSet) for GPIOPadConfigSet
    gpio.o(i.GPIOPinTypeCAN) refers to gpio.o(i.GPIODirModeSet) for GPIODirModeSet
    gpio.o(i.GPIOPinTypeCAN) refers to gpio.o(i.GPIOPadConfigSet) for GPIOPadConfigSet
    gpio.o(i.GPIOPinTypeComparator) refers to gpio.o(i.GPIODirModeSet) for GPIODirModeSet
    gpio.o(i.GPIOPinTypeComparator) refers to gpio.o(i.GPIOPadConfigSet) for GPIOPadConfigSet
    gpio.o(i.GPIOPinTypeGPIOInput) refers to gpio.o(i.GPIODirModeSet) for GPIODirModeSet
    gpio.o(i.GPIOPinTypeGPIOInput) refers to gpio.o(i.GPIOPadConfigSet) for GPIOPadConfigSet
    gpio.o(i.GPIOPinTypeGPIOOutput) refers to gpio.o(i.GPIODirModeSet) for GPIODirModeSet
    gpio.o(i.GPIOPinTypeGPIOOutput) refers to gpio.o(i.GPIOPadConfigSet) for GPIOPadConfigSet
    gpio.o(i.GPIOPinTypeGPIOOutputOD) refers to gpio.o(i.GPIODirModeSet) for GPIODirModeSet
    gpio.o(i.GPIOPinTypeGPIOOutputOD) refers to gpio.o(i.GPIOPadConfigSet) for GPIOPadConfigSet
    gpio.o(i.GPIOPinTypeI2C) refers to gpio.o(i.GPIODirModeSet) for GPIODirModeSet
    gpio.o(i.GPIOPinTypeI2C) refers to gpio.o(i.GPIOPadConfigSet) for GPIOPadConfigSet
    gpio.o(i.GPIOPinTypeI2S) refers to gpio.o(i.GPIODirModeSet) for GPIODirModeSet
    gpio.o(i.GPIOPinTypeI2S) refers to gpio.o(i.GPIOPadConfigSet) for GPIOPadConfigSet
    gpio.o(i.GPIOPinTypePWM) refers to gpio.o(i.GPIODirModeSet) for GPIODirModeSet
    gpio.o(i.GPIOPinTypePWM) refers to gpio.o(i.GPIOPadConfigSet) for GPIOPadConfigSet
    gpio.o(i.GPIOPinTypeQEI) refers to gpio.o(i.GPIODirModeSet) for GPIODirModeSet
    gpio.o(i.GPIOPinTypeQEI) refers to gpio.o(i.GPIOPadConfigSet) for GPIOPadConfigSet
    gpio.o(i.GPIOPinTypeSSI) refers to gpio.o(i.GPIODirModeSet) for GPIODirModeSet
    gpio.o(i.GPIOPinTypeSSI) refers to gpio.o(i.GPIOPadConfigSet) for GPIOPadConfigSet
    gpio.o(i.GPIOPinTypeTimer) refers to gpio.o(i.GPIODirModeSet) for GPIODirModeSet
    gpio.o(i.GPIOPinTypeTimer) refers to gpio.o(i.GPIOPadConfigSet) for GPIOPadConfigSet
    gpio.o(i.GPIOPinTypeUART) refers to gpio.o(i.GPIODirModeSet) for GPIODirModeSet
    gpio.o(i.GPIOPinTypeUART) refers to gpio.o(i.GPIOPadConfigSet) for GPIOPadConfigSet
    gpio.o(i.GPIOPinTypeUSBAnalog) refers to gpio.o(i.GPIODirModeSet) for GPIODirModeSet
    gpio.o(i.GPIOPinTypeUSBAnalog) refers to gpio.o(i.GPIOPadConfigSet) for GPIOPadConfigSet
    gpio.o(i.GPIOPinTypeUSBDigital) refers to gpio.o(i.GPIODirModeSet) for GPIODirModeSet
    gpio.o(i.GPIOPinTypeUSBDigital) refers to gpio.o(i.GPIOPadConfigSet) for GPIOPadConfigSet
    gpio.o(i.GPIOPortIntRegister) refers to gpio.o(i.GPIOGetIntNumber) for GPIOGetIntNumber
    gpio.o(i.GPIOPortIntRegister) refers to interrupt.o(i.IntRegister) for IntRegister
    gpio.o(i.GPIOPortIntRegister) refers to interrupt.o(i.IntEnable) for IntEnable
    gpio.o(i.GPIOPortIntUnregister) refers to gpio.o(i.GPIOGetIntNumber) for GPIOGetIntNumber
    gpio.o(i.GPIOPortIntUnregister) refers to interrupt.o(i.IntDisable) for IntDisable
    gpio.o(i.GPIOPortIntUnregister) refers to interrupt.o(i.IntUnregister) for IntUnregister
    sysctl.o(i.SysCtlClockGet) refers to sysctl.o(.constdata) for .constdata
    sysctl.o(i.SysCtlClockSet) refers to sysctl.o(.emb_text) for SysCtlDelay
    sysctl.o(i.SysCtlDeepSleep) refers to cpu.o(.emb_text) for CPUwfi
    sysctl.o(i.SysCtlI2SMClkSet) refers to sysctl.o(.constdata) for .constdata
    sysctl.o(i.SysCtlIntRegister) refers to interrupt.o(i.IntRegister) for IntRegister
    sysctl.o(i.SysCtlIntRegister) refers to interrupt.o(i.IntEnable) for IntEnable
    sysctl.o(i.SysCtlIntUnregister) refers to interrupt.o(i.IntDisable) for IntDisable
    sysctl.o(i.SysCtlIntUnregister) refers to interrupt.o(i.IntUnregister) for IntUnregister
    sysctl.o(i.SysCtlPeripheralDeepSleepDisable) refers to sysctl.o(.constdata) for .constdata
    sysctl.o(i.SysCtlPeripheralDeepSleepEnable) refers to sysctl.o(.constdata) for .constdata
    sysctl.o(i.SysCtlPeripheralDisable) refers to sysctl.o(.constdata) for .constdata
    sysctl.o(i.SysCtlPeripheralEnable) refers to sysctl.o(.constdata) for .constdata
    sysctl.o(i.SysCtlPeripheralPresent) refers to sysctl.o(.constdata) for .constdata
    sysctl.o(i.SysCtlPeripheralReset) refers to sysctl.o(.constdata) for .constdata
    sysctl.o(i.SysCtlPeripheralSleepDisable) refers to sysctl.o(.constdata) for .constdata
    sysctl.o(i.SysCtlPeripheralSleepEnable) refers to sysctl.o(.constdata) for .constdata
    sysctl.o(i.SysCtlSleep) refers to cpu.o(.emb_text) for CPUwfi
    uart.o(i.UARTIntRegister) refers to interrupt.o(i.IntRegister) for IntRegister
    uart.o(i.UARTIntRegister) refers to interrupt.o(i.IntEnable) for IntEnable
    uart.o(i.UARTIntUnregister) refers to interrupt.o(i.IntDisable) for IntDisable
    uart.o(i.UARTIntUnregister) refers to interrupt.o(i.IntUnregister) for IntUnregister
    timer.o(i.Wait) refers to sysctl.o(i.SysCtlPeripheralEnable) for SysCtlPeripheralEnable
    timer.o(i.Wait) refers to timer.o(i.TimerConfigure) for TimerConfigure
    timer.o(i.Wait) refers to timer.o(i.TimerLoadSet) for TimerLoadSet
    timer.o(i.Wait) refers to timer.o(i.TimerEnable) for TimerEnable
    timer.o(i.Wait) refers to timer.o(i.TimerValueGet) for TimerValueGet
    timer.o(i.Wait) refers to timer.o(i.TimerDisable) for TimerDisable
    timer.o(i.Wait) refers to timer.o(.data) for .data
    timer.o(i.Wait) refers to init.o(.data) for g_ulTicksPerUs
    timer.o(i.WaitUS) refers to sysctl.o(i.SysCtlPeripheralEnable) for SysCtlPeripheralEnable
    timer.o(i.WaitUS) refers to timer.o(i.TimerConfigure) for TimerConfigure
    timer.o(i.WaitUS) refers to timer.o(i.TimerLoadSet) for TimerLoadSet
    timer.o(i.WaitUS) refers to timer.o(i.TimerEnable) for TimerEnable
    timer.o(i.WaitUS) refers to timer.o(i.TimerValueGet) for TimerValueGet
    timer.o(i.WaitUS) refers to timer.o(i.TimerDisable) for TimerDisable
    timer.o(i.WaitUS) refers to timer.o(.data) for .data
    timer.o(i.WaitUS) refers to init.o(.data) for g_ulTicksPerUs
    init.o(i.InitializeMCU) refers to sysctl.o(i.SysCtlClockSet) for SysCtlClockSet
    init.o(i.InitializeMCU) refers to sysctl.o(i.SysCtlPWMClockSet) for SysCtlPWMClockSet
    init.o(i.InitializeMCU) refers to sysctl.o(i.SysCtlClockGet) for SysCtlClockGet
    init.o(i.InitializeMCU) refers to interrupt.o(i.IntMasterEnable) for IntMasterEnable
    init.o(i.InitializeMCU) refers to init.o(.data) for .data
    init.o(i.LockoutProtection) refers to sysctl.o(i.SysCtlPeripheralEnable) for SysCtlPeripheralEnable
    init.o(i.LockoutProtection) refers to gpio.o(i.GPIOPinTypeGPIOInput) for GPIOPinTypeGPIOInput
    init.o(i.LockoutProtection) refers to gpio.o(i.GPIOPinRead) for GPIOPinRead
    linesensor.o(i.InitializeLineSensor) refers to sysctl.o(i.SysCtlPeripheralEnable) for SysCtlPeripheralEnable
    linesensor.o(i.InitializeLineSensor) refers to gpio.o(i.GPIOPinTypeGPIOInput) for GPIOPinTypeGPIOInput
    linesensor.o(i.InitializeLineSensor) refers to linesensor.o(.data) for .data
    linesensor.o(i.InitializeLineSensorAsync) refers to sysctl.o(i.SysCtlPeripheralEnable) for SysCtlPeripheralEnable
    linesensor.o(i.InitializeLineSensorAsync) refers to gpio.o(i.GPIOPinTypeGPIOInput) for GPIOPinTypeGPIOInput
    linesensor.o(i.InitializeLineSensorAsync) refers to interrupt.o(i.IntMasterEnable) for IntMasterEnable
    linesensor.o(i.InitializeLineSensorAsync) refers to interrupt.o(i.IntEnable) for IntEnable
    linesensor.o(i.InitializeLineSensorAsync) refers to timer.o(i.TimerConfigure) for TimerConfigure
    linesensor.o(i.InitializeLineSensorAsync) refers to linesensor.o(i.LSIntHandler) for LSIntHandler
    linesensor.o(i.InitializeLineSensorAsync) refers to timer.o(i.TimerIntEnable) for TimerIntEnable
    linesensor.o(i.InitializeLineSensorAsync) refers to timer.o(i.TimerEnable) for TimerEnable
    linesensor.o(i.InitializeLineSensorAsync) refers to linesensor.o(.data) for .data
    linesensor.o(i.LSIntHandler) refers to timer.o(i.TimerIntClear) for TimerIntClear
    linesensor.o(i.LSIntHandler) refers to gpio.o(i.GPIOPinRead) for GPIOPinRead
    linesensor.o(i.LSIntHandler) refers to gpio.o(i.GPIOPinTypeGPIOOutput) for GPIOPinTypeGPIOOutput
    linesensor.o(i.LSIntHandler) refers to gpio.o(i.GPIOPinWrite) for GPIOPinWrite
    linesensor.o(i.LSIntHandler) refers to gpio.o(i.GPIOPinTypeGPIOInput) for GPIOPinTypeGPIOInput
    linesensor.o(i.LSIntHandler) refers to timer.o(i.TimerLoadSet) for TimerLoadSet
    linesensor.o(i.LSIntHandler) refers to linesensor.o(.data) for .data
    linesensor.o(i.LSIntHandler) refers to init.o(.data) for g_ulTicksPerUs
    linesensor.o(i.ReadLS) refers to gpio.o(i.GPIOPinRead) for GPIOPinRead
    linesensor.o(i.ReadLineSensor) refers to gpio.o(i.GPIOPinTypeGPIOOutput) for GPIOPinTypeGPIOOutput
    linesensor.o(i.ReadLineSensor) refers to gpio.o(i.GPIOPinWrite) for GPIOPinWrite
    linesensor.o(i.ReadLineSensor) refers to timer.o(i.WaitUS) for WaitUS
    linesensor.o(i.ReadLineSensor) refers to gpio.o(i.GPIOPinTypeGPIOInput) for GPIOPinTypeGPIOInput
    linesensor.o(i.ReadLineSensor) refers to gpio.o(i.GPIOPinRead) for GPIOPinRead
    linesensor.o(i.ReadLineSensor) refers to linesensor.o(.data) for .data
    linesensor.o(i.ReadLineSensorAsync) refers to linesensor.o(.data) for .data
    linesensor.o(i.SetDischargeTime) refers to linesensor.o(.data) for .data
    linesensor.o(i.StartChargingLS) refers to gpio.o(i.GPIOPinTypeGPIOOutput) for GPIOPinTypeGPIOOutput
    linesensor.o(i.StartChargingLS) refers to gpio.o(i.GPIOPinWrite) for GPIOPinWrite
    linesensor.o(i.StartDischargingLS) refers to gpio.o(i.GPIOPinTypeGPIOInput) for GPIOPinTypeGPIOInput
    motor.o(i.InitializeMotors) refers to sysctl.o(i.SysCtlPeripheralEnable) for SysCtlPeripheralEnable
    motor.o(i.InitializeMotors) refers to gpio.o(i.GPIOPinTypePWM) for GPIOPinTypePWM
    motor.o(i.InitializeMotors) refers to gpio.o(i.GPIOPinTypeGPIOOutput) for GPIOPinTypeGPIOOutput
    motor.o(i.InitializeMotors) refers to pwm.o(i.PWMGenConfigure) for PWMGenConfigure
    motor.o(i.InitializeMotors) refers to pwm.o(i.PWMGenPeriodSet) for PWMGenPeriodSet
    motor.o(i.InitializeMotors) refers to pwm.o(i.PWMOutputInvert) for PWMOutputInvert
    motor.o(i.InitializeMotors) refers to pwm.o(i.PWMOutputState) for PWMOutputState
    motor.o(i.InitializeMotors) refers to pwm.o(i.PWMGenEnable) for PWMGenEnable
    motor.o(i.InitializeMotors) refers to pwm.o(i.PWMPulseWidthSet) for PWMPulseWidthSet
    motor.o(i.InitializeMotors) refers to gpio.o(i.GPIOPinWrite) for GPIOPinWrite
    motor.o(i.InitializeMotors) refers to motor.o(.data) for .data
    motor.o(i.SetMotorPower) refers to pwm.o(i.PWMPulseWidthSet) for PWMPulseWidthSet
    motor.o(i.SetMotorPowers) refers to pwm.o(i.PWMPulseWidthSet) for PWMPulseWidthSet
    servo.o(i.InitializeServos) refers to sysctl.o(i.SysCtlPeripheralEnable) for SysCtlPeripheralEnable
    servo.o(i.InitializeServos) refers to gpio.o(i.GPIOPinTypePWM) for GPIOPinTypePWM
    servo.o(i.InitializeServos) refers to pwm.o(i.PWMGenConfigure) for PWMGenConfigure
    servo.o(i.InitializeServos) refers to pwm.o(i.PWMGenPeriodSet) for PWMGenPeriodSet
    servo.o(i.InitializeServos) refers to pwm.o(i.PWMOutputState) for PWMOutputState
    servo.o(i.InitializeServos) refers to pwm.o(i.PWMGenEnable) for PWMGenEnable
    servo.o(i.InitializeServos) refers to pwm.o(i.PWMPulseWidthSet) for PWMPulseWidthSet
    servo.o(i.InitializeServos) refers to init.o(.data) for g_ulPWMTicksPerSecond
    servo.o(i.InitializeServos) refers to servo.o(.data) for .data
    servo.o(i.SetServoPosition) refers to pwm.o(i.PWMPulseWidthSet) for PWMPulseWidthSet
    servo.o(i.SetServoPosition) refers to servo.o(.data) for .data
    encoder.o(i.EncoderInterruptHandler) refers to gpio.o(i.GPIOPinIntStatus) for GPIOPinIntStatus
    encoder.o(i.EncoderInterruptHandler) refers to gpio.o(i.GPIOPinIntClear) for GPIOPinIntClear
    encoder.o(i.EncoderInterruptHandler) refers to gpio.o(i.GPIOPinRead) for GPIOPinRead
    encoder.o(i.EncoderInterruptHandler) refers to encoder.o(.data) for .data
    encoder.o(i.GetEncoderCount) refers to encoder.o(.data) for .data
    encoder.o(i.GetEncoderCounts) refers to encoder.o(.data) for .data
    encoder.o(i.InitializeEncoders) refers to sysctl.o(i.SysCtlPeripheralEnable) for SysCtlPeripheralEnable
    encoder.o(i.InitializeEncoders) refers to gpio.o(i.GPIOPinTypeGPIOInput) for GPIOPinTypeGPIOInput
    encoder.o(i.InitializeEncoders) refers to interrupt.o(i.IntEnable) for IntEnable
    encoder.o(i.InitializeEncoders) refers to gpio.o(i.GPIOIntTypeSet) for GPIOIntTypeSet
    encoder.o(i.InitializeEncoders) refers to gpio.o(i.GPIOPinIntEnable) for GPIOPinIntEnable
    encoder.o(i.InitializeEncoders) refers to encoder.o(.data) for .data
    encoder.o(i.PresetEncoderCount) refers to encoder.o(.data) for .data
    encoder.o(i.PresetEncoderCounts) refers to encoder.o(.data) for .data
    uartstdio.o(i.UARTStdioInit) refers to sysctl.o(i.SysCtlPeripheralPresent) for SysCtlPeripheralPresent
    uartstdio.o(i.UARTStdioInit) refers to sysctl.o(i.SysCtlPeripheralEnable) for SysCtlPeripheralEnable
    uartstdio.o(i.UARTStdioInit) refers to sysctl.o(i.SysCtlClockGet) for SysCtlClockGet
    uartstdio.o(i.UARTStdioInit) refers to uart.o(i.UARTConfigSetExpClk) for UARTConfigSetExpClk
    uartstdio.o(i.UARTStdioInit) refers to uart.o(i.UARTEnable) for UARTEnable
    uartstdio.o(i.UARTStdioInit) refers to uartstdio.o(.constdata) for .constdata
    uartstdio.o(i.UARTStdioInit) refers to uartstdio.o(.data) for .data
    uartstdio.o(i.UARTgetc) refers to uart.o(i.UARTCharGet) for UARTCharGet
    uartstdio.o(i.UARTgetc) refers to uartstdio.o(.data) for .data
    uartstdio.o(i.UARTgets) refers to uart.o(i.UARTCharGet) for UARTCharGet
    uartstdio.o(i.UARTgets) refers to uart.o(i.UARTCharPut) for UARTCharPut
    uartstdio.o(i.UARTgets) refers to uartstdio.o(i.UARTwrite) for UARTwrite
    uartstdio.o(i.UARTgets) refers to uartstdio.o(.data) for .data
    uartstdio.o(i.UARTprintf) refers to uart.o(i.UARTCharPut) for UARTCharPut
    uartstdio.o(i.UARTprintf) refers to uartstdio.o(.data) for .data
    uartstdio.o(i.UARTprintf) refers to uartstdio.o(.constdata) for .constdata
    uartstdio.o(i.UARTputc) refers to uartstdio.o(i.UARTwrite) for UARTwrite
    uartstdio.o(i.UARTwrite) refers to uart.o(i.UARTCharPut) for UARTCharPut
    uartstdio.o(i.UARTwrite) refers to uartstdio.o(.data) for .data
    uartstdio.o(.constdata) refers to uartstdio.o(.conststring) for .conststring
    interrupt.o(i.IntMasterDisable) refers to cpu.o(.emb_text) for CPUcpsid
    interrupt.o(i.IntMasterEnable) refers to cpu.o(.emb_text) for CPUcpsie
    interrupt.o(i.IntPriorityGet) refers to interrupt.o(.constdata) for .constdata
    interrupt.o(i.IntPriorityGroupingGet) refers to interrupt.o(.constdata) for .constdata
    interrupt.o(i.IntPriorityGroupingSet) refers to interrupt.o(.constdata) for .constdata
    interrupt.o(i.IntPrioritySet) refers to interrupt.o(.constdata) for .constdata
    interrupt.o(i.IntRegister) refers to interrupt.o(vtable) for vtable
    interrupt.o(i.IntUnregister) refers to interrupt.o(i.IntDefaultHandler) for IntDefaultHandler
    interrupt.o(i.IntUnregister) refers to interrupt.o(vtable) for vtable
    pwm.o(i.PWMFaultIntRegister) refers to interrupt.o(i.IntRegister) for IntRegister
    pwm.o(i.PWMFaultIntRegister) refers to interrupt.o(i.IntEnable) for IntEnable
    pwm.o(i.PWMFaultIntUnregister) refers to interrupt.o(i.IntDisable) for IntDisable
    pwm.o(i.PWMFaultIntUnregister) refers to interrupt.o(i.IntUnregister) for IntUnregister
    pwm.o(i.PWMGenIntRegister) refers to interrupt.o(i.IntRegister) for IntRegister
    pwm.o(i.PWMGenIntRegister) refers to interrupt.o(i.IntEnable) for IntEnable
    pwm.o(i.PWMGenIntUnregister) refers to interrupt.o(i.IntDisable) for IntDisable
    pwm.o(i.PWMGenIntUnregister) refers to interrupt.o(i.IntUnregister) for IntUnregister
    timer.o(i.TimerIntRegister) refers to interrupt.o(i.IntRegister) for IntRegister
    timer.o(i.TimerIntRegister) refers to interrupt.o(i.IntEnable) for IntEnable
    timer.o(i.TimerIntUnregister) refers to interrupt.o(i.IntDisable) for IntDisable
    timer.o(i.TimerIntUnregister) refers to interrupt.o(i.IntUnregister) for IntUnregister
    timer.o(i.TimerQuiesce) refers to interrupt.o(i.IntDisable) for IntDisable
    timer.o(i.TimerQuiesce) refers to interrupt.o(i.IntUnregister) for IntUnregister
    entry.o(.ARM.Collect$$$$00000000) refers (Special) to entry7.o(.ARM.Collect$$$$00000007) for _main_init
    entry.o(.ARM.Collect$$$$00000000) refers (Special) to entry5.o(.ARM.Collect$$$$00000004) for _main_scatterload
    entry.o(.ARM.Collect$$$$00000000) refers (Special) to entry2.o(.ARM.Collect$$$$00000001) for _main_stk
    ctype_o.o(.text) refers to ctype_o.o(.constdata) for .constdata
    ctype_o.o(.constdata) refers to ctype_o.o(.constdata) for __ctype_table
    isalnum_o.o(.text) refers to ctype_o.o(.text) for __rt_ctype_table
    isalpha_o.o(.text) refers to ctype_o.o(.text) for __rt_ctype_table
    isblank_o.o(.text) refers to ctype_o.o(.constdata) for __ctype_table
    iscntrl_o.o(.text) refers to ctype_o.o(.text) for __rt_ctype_table
    isdigit_o.o(.text) refers to ctype_o.o(.text) for __rt_ctype_table
    isgraph_o.o(.text) refers to ctype_o.o(.text) for __rt_ctype_table
    islower_o.o(.text) refers to ctype_o.o(.text) for __rt_ctype_table
    isprint_o.o(.text) refers to ctype_o.o(.text) for __rt_ctype_table
    ispunct_o.o(.text) refers to ctype_o.o(.text) for __rt_ctype_table
    isspace_o.o(.text) refers to ctype_o.o(.text) for __rt_ctype_table
    isupper_o.o(.text) refers to ctype_o.o(.text) for __rt_ctype_table
    isxdigit_o.o(.text) refers to ctype_o.o(.text) for __rt_ctype_table
    atoi.o(.text) refers to errno.o(i.__aeabi_errno_addr) for __aeabi_errno_addr
    atoi.o(.text) refers to strtol.o(.text) for strtol
    entry2.o(.ARM.Collect$$$$00000001) refers to entry2.o(.ARM.Collect$$$$00002712) for __lit__00000000
    entry2.o(.ARM.Collect$$$$00002712) refers to startup_rvmdk.o(STACK) for __initial_sp
    entry2.o(__vectab_stack_and_reset_area) refers to startup_rvmdk.o(STACK) for __initial_sp
    entry2.o(__vectab_stack_and_reset_area) refers to entry.o(.ARM.Collect$$$$00000000) for __main
    entry5.o(.ARM.Collect$$$$00000004) refers to init.o(.text) for __scatterload
    entry7.o(.ARM.Collect$$$$00000007) refers to rasdemo.o(.text) for main
    errno.o(i.__aeabi_errno_addr) refers to errno.o(.data) for .data
    errno.o(i.__read_errno) refers to errno.o(.data) for .data
    errno.o(i.__set_errno) refers to errno.o(.data) for .data
    strtol.o(.text) refers to ctype_o.o(.text) for __rt_ctype_table
    strtol.o(.text) refers to _strtoul.o(.text) for _strtoul
    strtol.o(.text) refers to errno.o(i.__aeabi_errno_addr) for __aeabi_errno_addr
    init.o(.text) refers to entry5.o(.ARM.Collect$$$$00000004) for __main_after_scatterload
    _strtoul.o(.text) refers to _chval.o(.text) for _chval
    _strtoul.o(.text) refers to errno.o(i.__aeabi_errno_addr) for __aeabi_errno_addr


==============================================================================

Removing Unused input sections from the image.

    Removing startup_rvmdk.o(HEAP), (0 bytes).
    Removing startup_rvmdk.o(.text), (0 bytes).
    Removing adc.o(i.ADCComparatorConfigure), (10 bytes).
    Removing adc.o(i.ADCComparatorIntClear), (4 bytes).
    Removing adc.o(i.ADCComparatorIntDisable), (18 bytes).
    Removing adc.o(i.ADCComparatorIntEnable), (16 bytes).
    Removing adc.o(i.ADCComparatorIntStatus), (4 bytes).
    Removing adc.o(i.ADCComparatorRegionSet), (14 bytes).
    Removing adc.o(i.ADCComparatorReset), (40 bytes).
    Removing adc.o(i.ADCHardwareOversampleConfigure), (14 bytes).
    Removing adc.o(i.ADCIntClear), (10 bytes).
    Removing adc.o(i.ADCIntDisable), (16 bytes).
    Removing adc.o(i.ADCIntEnable), (16 bytes).
    Removing adc.o(i.ADCIntRegister), (24 bytes).
    Removing adc.o(i.ADCIntUnregister), (22 bytes).
    Removing adc.o(i.ADCSequenceDisable), (16 bytes).
    Removing adc.o(i.ADCSequenceOverflow), (12 bytes).
    Removing adc.o(i.ADCSequenceOverflowClear), (10 bytes).
    Removing adc.o(i.ADCSequenceUnderflow), (12 bytes).
    Removing adc.o(i.ADCSequenceUnderflowClear), (10 bytes).
    Removing adc.o(i.ADCSoftwareOversampleConfigure), (24 bytes).
    Removing adc.o(i.ADCSoftwareOversampleDataGet), (72 bytes).
    Removing adc.o(i.ADCSoftwareOversampleStepConfigure), (112 bytes).
    Removing adc.o(.data), (3 bytes).
    Removing gpio.o(i.GPIODirModeGet), (34 bytes).
    Removing gpio.o(i.GPIOGetIntNumber), (156 bytes).
    Removing gpio.o(i.GPIOIntTypeGet), (48 bytes).
    Removing gpio.o(i.GPIOPadConfigGet), (140 bytes).
    Removing gpio.o(i.GPIOPinConfigure), (72 bytes).
    Removing gpio.o(i.GPIOPinIntDisable), (14 bytes).
    Removing gpio.o(i.GPIOPinTypeADC), (28 bytes).
    Removing gpio.o(i.GPIOPinTypeCAN), (28 bytes).
    Removing gpio.o(i.GPIOPinTypeComparator), (28 bytes).
    Removing gpio.o(i.GPIOPinTypeGPIOOutputOD), (28 bytes).
    Removing gpio.o(i.GPIOPinTypeI2C), (28 bytes).
    Removing gpio.o(i.GPIOPinTypeI2S), (28 bytes).
    Removing gpio.o(i.GPIOPinTypeQEI), (28 bytes).
    Removing gpio.o(i.GPIOPinTypeSSI), (28 bytes).
    Removing gpio.o(i.GPIOPinTypeTimer), (28 bytes).
    Removing gpio.o(i.GPIOPinTypeUSBAnalog), (28 bytes).
    Removing gpio.o(i.GPIOPinTypeUSBDigital), (28 bytes).
    Removing gpio.o(i.GPIOPortIntRegister), (26 bytes).
    Removing gpio.o(i.GPIOPortIntUnregister), (22 bytes).
    Removing gpio.o(.constdata), (72 bytes).
    Removing sysctl.o(i.SysCtlADCSpeedGet), (16 bytes).
    Removing sysctl.o(i.SysCtlADCSpeedSet), (40 bytes).
    Removing sysctl.o(i.SysCtlBrownOutConfigSet), (16 bytes).
    Removing sysctl.o(i.SysCtlClkVerificationClear), (16 bytes).
    Removing sysctl.o(i.SysCtlDeepSleep), (32 bytes).
    Removing sysctl.o(i.SysCtlFlashSizeGet), (20 bytes).
    Removing sysctl.o(i.SysCtlGPIOAHBDisable), (20 bytes).
    Removing sysctl.o(i.SysCtlGPIOAHBEnable), (16 bytes).
    Removing sysctl.o(i.SysCtlI2SMClkSet), (216 bytes).
    Removing sysctl.o(i.SysCtlIOSCVerificationSet), (24 bytes).
    Removing sysctl.o(i.SysCtlIntClear), (12 bytes).
    Removing sysctl.o(i.SysCtlIntDisable), (16 bytes).
    Removing sysctl.o(i.SysCtlIntEnable), (16 bytes).
    Removing sysctl.o(i.SysCtlIntRegister), (20 bytes).
    Removing sysctl.o(i.SysCtlIntStatus), (16 bytes).
    Removing sysctl.o(i.SysCtlIntUnregister), (18 bytes).
    Removing sysctl.o(i.SysCtlLDOConfigSet), (12 bytes).
    Removing sysctl.o(i.SysCtlLDOGet), (12 bytes).
    Removing sysctl.o(i.SysCtlLDOSet), (12 bytes).
    Removing sysctl.o(i.SysCtlMOSCVerificationSet), (24 bytes).
    Removing sysctl.o(i.SysCtlPLLVerificationSet), (24 bytes).
    Removing sysctl.o(i.SysCtlPWMClockGet), (24 bytes).
    Removing sysctl.o(i.SysCtlPeripheralClockGating), (24 bytes).
    Removing sysctl.o(i.SysCtlPeripheralDeepSleepDisable), (32 bytes).
    Removing sysctl.o(i.SysCtlPeripheralDeepSleepEnable), (32 bytes).
    Removing sysctl.o(i.SysCtlPeripheralDisable), (32 bytes).
    Removing sysctl.o(i.SysCtlPeripheralReset), (56 bytes).
    Removing sysctl.o(i.SysCtlPeripheralSleepDisable), (32 bytes).
    Removing sysctl.o(i.SysCtlPeripheralSleepEnable), (32 bytes).
    Removing sysctl.o(i.SysCtlPinPresent), (16 bytes).
    Removing sysctl.o(i.SysCtlReset), (16 bytes).
    Removing sysctl.o(i.SysCtlResetCauseClear), (16 bytes).
    Removing sysctl.o(i.SysCtlResetCauseGet), (12 bytes).
    Removing sysctl.o(i.SysCtlSRAMSizeGet), (20 bytes).
    Removing sysctl.o(i.SysCtlSleep), (4 bytes).
    Removing sysctl.o(i.SysCtlUSBPLLDisable), (16 bytes).
    Removing sysctl.o(i.SysCtlUSBPLLEnable), (16 bytes).
    Removing uart.o(i.UARTBreakCtl), (18 bytes).
    Removing uart.o(i.UARTBusy), (8 bytes).
    Removing uart.o(i.UARTCharGetNonBlocking), (16 bytes).
    Removing uart.o(i.UARTCharPutNonBlocking), (18 bytes).
    Removing uart.o(i.UARTConfigGetExpClk), (46 bytes).
    Removing uart.o(i.UARTDMADisable), (10 bytes).
    Removing uart.o(i.UARTDMAEnable), (8 bytes).
    Removing uart.o(i.UARTDisable), (30 bytes).
    Removing uart.o(i.UARTDisableSIR), (10 bytes).
    Removing uart.o(i.UARTEnableSIR), (18 bytes).
    Removing uart.o(i.UARTFIFODisable), (10 bytes).
    Removing uart.o(i.UARTFIFOEnable), (10 bytes).
    Removing uart.o(i.UARTFIFOLevelGet), (16 bytes).
    Removing uart.o(i.UARTFIFOLevelSet), (6 bytes).
    Removing uart.o(i.UARTFlowControlGet), (8 bytes).
    Removing uart.o(i.UARTFlowControlSet), (12 bytes).
    Removing uart.o(i.UARTIntClear), (4 bytes).
    Removing uart.o(i.UARTIntDisable), (10 bytes).
    Removing uart.o(i.UARTIntEnable), (8 bytes).
    Removing uart.o(i.UARTIntRegister), (46 bytes).
    Removing uart.o(i.UARTIntStatus), (10 bytes).
    Removing uart.o(i.UARTIntUnregister), (46 bytes).
    Removing uart.o(i.UARTModemControlClear), (14 bytes).
    Removing uart.o(i.UARTModemControlGet), (8 bytes).
    Removing uart.o(i.UARTModemControlSet), (12 bytes).
    Removing uart.o(i.UARTModemStatusGet), (10 bytes).
    Removing uart.o(i.UARTParityModeGet), (8 bytes).
    Removing uart.o(i.UARTParityModeSet), (12 bytes).
    Removing uart.o(i.UARTRxErrorClear), (6 bytes).
    Removing uart.o(i.UARTRxErrorGet), (8 bytes).
    Removing uart.o(i.UARTSmartCardDisable), (10 bytes).
    Removing uart.o(i.UARTSmartCardEnable), (22 bytes).
    Removing uart.o(i.UARTSpaceAvail), (10 bytes).
    Removing uart.o(i.UARTTxIntModeGet), (8 bytes).
    Removing uart.o(i.UARTTxIntModeSet), (12 bytes).
    Removing linesensor.o(i.InitializeLineSensor), (60 bytes).
    Removing linesensor.o(i.ReadLS), (36 bytes).
    Removing linesensor.o(i.StartChargingLS), (56 bytes).
    Removing linesensor.o(i.StartDischargingLS), (32 bytes).
    Removing motor.o(i.SetMotorPower), (16 bytes).
    Removing encoder.o(i.PresetEncoderCount), (24 bytes).
    Removing interrupt.o(i.IntDefaultHandler), (2 bytes).
    Removing interrupt.o(i.IntDisable), (104 bytes).
    Removing interrupt.o(i.IntMasterDisable), (10 bytes).
    Removing interrupt.o(i.IntPriorityGet), (28 bytes).
    Removing interrupt.o(i.IntPriorityGroupingGet), (36 bytes).
    Removing interrupt.o(i.IntPriorityGroupingSet), (28 bytes).
    Removing interrupt.o(i.IntPrioritySet), (40 bytes).
    Removing interrupt.o(i.IntRegister), (56 bytes).
    Removing interrupt.o(i.IntUnregister), (20 bytes).
    Removing interrupt.o(.constdata), (104 bytes).
    Removing interrupt.o(vtable), (280 bytes).
    Removing pwm.o(i.PWMDeadBandDisable), (12 bytes).
    Removing pwm.o(i.PWMDeadBandEnable), (16 bytes).
    Removing pwm.o(i.PWMFaultIntClear), (8 bytes).
    Removing pwm.o(i.PWMFaultIntClearExt), (4 bytes).
    Removing pwm.o(i.PWMFaultIntRegister), (18 bytes).
    Removing pwm.o(i.PWMFaultIntUnregister), (18 bytes).
    Removing pwm.o(i.PWMGenDisable), (10 bytes).
    Removing pwm.o(i.PWMGenFaultClear), (18 bytes).
    Removing pwm.o(i.PWMGenFaultConfigure), (18 bytes).
    Removing pwm.o(i.PWMGenFaultStatus), (18 bytes).
    Removing pwm.o(i.PWMGenFaultTriggerGet), (12 bytes).
    Removing pwm.o(i.PWMGenFaultTriggerSet), (12 bytes).
    Removing pwm.o(i.PWMGenIntClear), (6 bytes).
    Removing pwm.o(i.PWMGenIntRegister), (34 bytes).
    Removing pwm.o(i.PWMGenIntStatus), (12 bytes).
    Removing pwm.o(i.PWMGenIntTrigDisable), (10 bytes).
    Removing pwm.o(i.PWMGenIntTrigEnable), (10 bytes).
    Removing pwm.o(i.PWMGenIntUnregister), (32 bytes).
    Removing pwm.o(i.PWMGenPeriodGet), (18 bytes).
    Removing pwm.o(i.PWMIntDisable), (10 bytes).
    Removing pwm.o(i.PWMIntEnable), (8 bytes).
    Removing pwm.o(i.PWMIntStatus), (10 bytes).
    Removing pwm.o(i.PWMOutputFault), (16 bytes).
    Removing pwm.o(i.PWMOutputFaultLevel), (16 bytes).
    Removing pwm.o(i.PWMPulseWidthGet), (32 bytes).
    Removing pwm.o(i.PWMSyncTimeBase), (4 bytes).
    Removing pwm.o(i.PWMSyncUpdate), (4 bytes).
    Removing timer.o(i.TimerControlEvent), (24 bytes).
    Removing timer.o(i.TimerControlLevel), (22 bytes).
    Removing timer.o(i.TimerControlStall), (22 bytes).
    Removing timer.o(i.TimerControlTrigger), (22 bytes).
    Removing timer.o(i.TimerIntDisable), (10 bytes).
    Removing timer.o(i.TimerIntRegister), (94 bytes).
    Removing timer.o(i.TimerIntStatus), (10 bytes).
    Removing timer.o(i.TimerIntUnregister), (88 bytes).
    Removing timer.o(i.TimerLoadGet), (10 bytes).
    Removing timer.o(i.TimerMatchGet), (10 bytes).
    Removing timer.o(i.TimerMatchSet), (18 bytes).
    Removing timer.o(i.TimerPrescaleGet), (10 bytes).
    Removing timer.o(i.TimerPrescaleSet), (18 bytes).
    Removing timer.o(i.TimerQuiesce), (126 bytes).
    Removing timer.o(i.TimerRTCDisable), (10 bytes).
    Removing timer.o(i.TimerRTCEnable), (10 bytes).

176 unused section(s) (total 4679 bytes) removed from the image.

==============================================================================

Image Symbol Table

    Local Symbols

    Symbol Name                              Value     Ov Type        Size  Object(Section)

    RESET                                    0x00000000   Section      196  startup_rvmdk.o(RESET)
    ../../microlib/ctype/ctype.c             0x00000000   Number         0  iscntrl_o.o ABSOLUTE
    ../../microlib/ctype/ctype.c             0x00000000   Number         0  ctype_o.o ABSOLUTE
    ../../microlib/ctype/ctype.c             0x00000000   Number         0  ispunct_o.o ABSOLUTE
    ../../microlib/ctype/ctype.c             0x00000000   Number         0  isprint_o.o ABSOLUTE
    ../../microlib/ctype/ctype.c             0x00000000   Number         0  islower_o.o ABSOLUTE
    ../../microlib/ctype/ctype.c             0x00000000   Number         0  isgraph_o.o ABSOLUTE
    ../../microlib/ctype/ctype.c             0x00000000   Number         0  isdigit_o.o ABSOLUTE
    ../../microlib/ctype/ctype.c             0x00000000   Number         0  isblank_o.o ABSOLUTE
    ../../microlib/ctype/ctype.c             0x00000000   Number         0  isalpha_o.o ABSOLUTE
    ../../microlib/ctype/ctype.c             0x00000000   Number         0  isalnum_o.o ABSOLUTE
    ../../microlib/ctype/ctype.c             0x00000000   Number         0  isspace_o.o ABSOLUTE
    ../../microlib/ctype/ctype.c             0x00000000   Number         0  isupper_o.o ABSOLUTE
    ../../microlib/ctype/ctype.c             0x00000000   Number         0  isxdigit_o.o ABSOLUTE
    ../../microlib/errno.c                   0x00000000   Number         0  errno.o ABSOLUTE
    ../../microlib/init/entry.s              0x00000000   Number         0  entry2.o ABSOLUTE
    ../../microlib/init/entry.s              0x00000000   Number         0  entry5.o ABSOLUTE
    ../../microlib/init/entry.s              0x00000000   Number         0  entry7.o ABSOLUTE
    ../../microlib/init/entry.s              0x00000000   Number         0  entry.o ABSOLUTE
    ../../scanf.c                            0x00000000   Number         0  atoi.o ABSOLUTE
    ../../scanf.c                            0x00000000   Number         0  strtol.o ABSOLUTE
    ../../scanf.c                            0x00000000   Number         0  _strtoul.o ABSOLUTE
    ../../scanf.c                            0x00000000   Number         0  _chval.o ABSOLUTE
    RASDemo.c                                0x00000000   Number         0  rasdemo.o ABSOLUTE
    adc.c                                    0x00000000   Number         0  adc.o ABSOLUTE
    cpu.c                                    0x00000000   Number         0  cpu.o ABSOLUTE
    cpu.c                                    0x00000000   Number         0  cpu.o ABSOLUTE
    dc.s                                     0x00000000   Number         0  dc.o ABSOLUTE
    encoder.c                                0x00000000   Number         0  encoder.o ABSOLUTE
    gpio.c                                   0x00000000   Number         0  gpio.o ABSOLUTE
    handlers.s                               0x00000000   Number         0  handlers.o ABSOLUTE
    init.c                                   0x00000000   Number         0  init.o ABSOLUTE
    init.s                                   0x00000000   Number         0  init.o ABSOLUTE
    interrupt.c                              0x00000000   Number         0  interrupt.o ABSOLUTE
    linesensor.c                             0x00000000   Number         0  linesensor.o ABSOLUTE
    motor.c                                  0x00000000   Number         0  motor.o ABSOLUTE
    pwm.c                                    0x00000000   Number         0  pwm.o ABSOLUTE
    servo.c                                  0x00000000   Number         0  servo.o ABSOLUTE
    startup_rvmdk.S                          0x00000000   Number         0  startup_rvmdk.o ABSOLUTE
    sysctl.c                                 0x00000000   Number         0  sysctl.o ABSOLUTE
    sysctl.c                                 0x00000000   Number         0  sysctl.o ABSOLUTE
    timer.c                                  0x00000000   Number         0  timer.o ABSOLUTE
    timer.c                                  0x00000000   Number         0  timer.o ABSOLUTE
    uart.c                                   0x00000000   Number         0  uart.o ABSOLUTE
    uartstdio.c                              0x00000000   Number         0  uartstdio.o ABSOLUTE
    NmiSR                                    0x000000bd   Thumb Code     0  startup_rvmdk.o(RESET)
    FaultISR                                 0x000000bf   Thumb Code     0  startup_rvmdk.o(RESET)
    IntDefaultHandler                        0x000000c1   Thumb Code     0  startup_rvmdk.o(RESET)
    .ARM.Collect$$$$00000000                 0x000000c4   Section        0  entry.o(.ARM.Collect$$$$00000000)
    .ARM.Collect$$$$00000001                 0x000000c4   Section        4  entry2.o(.ARM.Collect$$$$00000001)
    .ARM.Collect$$$$00000004                 0x000000c8   Section        4  entry5.o(.ARM.Collect$$$$00000004)
    .ARM.Collect$$$$00000007                 0x000000cc   Section        8  entry7.o(.ARM.Collect$$$$00000007)
    .ARM.Collect$$$$00002712                 0x000000d4   Section        4  entry2.o(.ARM.Collect$$$$00002712)
    __lit__00000000                          0x000000d4   Data           4  entry2.o(.ARM.Collect$$$$00002712)
    .emb_text                                0x000000d8   Section        6  sysctl.o(.emb_text)
    .emb_text                                0x000000e0   Section       20  cpu.o(.emb_text)
    .text                                    0x000000f4   Section     2340  rasdemo.o(.text)
    .text                                    0x00000a18   Section        8  ctype_o.o(.text)
    .text                                    0x00000a20   Section       26  atoi.o(.text)
    .text                                    0x00000a3a   Section      112  strtol.o(.text)
    .text                                    0x00000aac   Section       36  init.o(.text)
    .text                                    0x00000ad0   Section      152  _strtoul.o(.text)
    .text                                    0x00000b68   Section       32  _chval.o(.text)
    i.ADCIntStatus                           0x00000b88   Section       52  adc.o(i.ADCIntStatus)
    i.ADCProcessorTrigger                    0x00000bbc   Section       10  adc.o(i.ADCProcessorTrigger)
    i.ADCSequenceConfigure                   0x00000bc6   Section       50  adc.o(i.ADCSequenceConfigure)
    i.ADCSequenceDataGet                     0x00000bf8   Section       36  adc.o(i.ADCSequenceDataGet)
    i.ADCSequenceEnable                      0x00000c1c   Section       14  adc.o(i.ADCSequenceEnable)
    i.ADCSequenceStepConfigure               0x00000c2a   Section      110  adc.o(i.ADCSequenceStepConfigure)
    i.EncoderInterruptHandler                0x00000c98   Section      228  encoder.o(i.EncoderInterruptHandler)
    i.GPIODirModeSet                         0x00000d7c   Section       40  gpio.o(i.GPIODirModeSet)
    i.GPIOIntTypeSet                         0x00000da4   Section       58  gpio.o(i.GPIOIntTypeSet)
    i.GPIOPadConfigSet                       0x00000dde   Section      176  gpio.o(i.GPIOPadConfigSet)
    i.GPIOPinIntClear                        0x00000e8e   Section        6  gpio.o(i.GPIOPinIntClear)
    i.GPIOPinIntEnable                       0x00000e94   Section       12  gpio.o(i.GPIOPinIntEnable)
    i.GPIOPinIntStatus                       0x00000ea0   Section       14  gpio.o(i.GPIOPinIntStatus)
    i.GPIOPinRead                            0x00000eae   Section        6  gpio.o(i.GPIOPinRead)
    i.GPIOPinTypeGPIOInput                   0x00000eb4   Section       28  gpio.o(i.GPIOPinTypeGPIOInput)
    i.GPIOPinTypeGPIOOutput                  0x00000ed0   Section       28  gpio.o(i.GPIOPinTypeGPIOOutput)
    i.GPIOPinTypePWM                         0x00000eec   Section       28  gpio.o(i.GPIOPinTypePWM)
    i.GPIOPinTypeUART                        0x00000f08   Section       28  gpio.o(i.GPIOPinTypeUART)
    i.GPIOPinWrite                           0x00000f24   Section        6  gpio.o(i.GPIOPinWrite)
    i.GetEncoderCount                        0x00000f2c   Section       24  encoder.o(i.GetEncoderCount)
    i.GetEncoderCounts                       0x00000f44   Section       16  encoder.o(i.GetEncoderCounts)
    i.InitializeEncoders                     0x00000f54   Section      140  encoder.o(i.InitializeEncoders)
    i.InitializeLineSensorAsync              0x00000fe0   Section      116  linesensor.o(i.InitializeLineSensorAsync)
    i.InitializeMCU                          0x00001054   Section       56  init.o(i.InitializeMCU)
    i.InitializeMotors                       0x0000108c   Section      212  motor.o(i.InitializeMotors)
    i.InitializeServos                       0x00001160   Section      260  servo.o(i.InitializeServos)
    i.IntEnable                              0x00001264   Section      104  interrupt.o(i.IntEnable)
    i.IntMasterEnable                        0x000012cc   Section       10  interrupt.o(i.IntMasterEnable)
    i.LSIntHandler                           0x000012d8   Section      172  linesensor.o(i.LSIntHandler)
    i.LockoutProtection                      0x00001384   Section       44  init.o(i.LockoutProtection)
    i.PWMGenConfigure                        0x000013b0   Section       38  pwm.o(i.PWMGenConfigure)
    i.PWMGenEnable                           0x000013d6   Section       10  pwm.o(i.PWMGenEnable)
    i.PWMGenPeriodSet                        0x000013e0   Section       18  pwm.o(i.PWMGenPeriodSet)
    i.PWMOutputInvert                        0x000013f2   Section       16  pwm.o(i.PWMOutputInvert)
    i.PWMOutputState                         0x00001402   Section       16  pwm.o(i.PWMOutputState)
    i.PWMPulseWidthSet                       0x00001412   Section       32  pwm.o(i.PWMPulseWidthSet)
    i.PresetEncoderCounts                    0x00001434   Section       12  encoder.o(i.PresetEncoderCounts)
    i.ReadLineSensor                         0x00001440   Section      108  linesensor.o(i.ReadLineSensor)
    i.ReadLineSensorAsync                    0x000014ac   Section       12  linesensor.o(i.ReadLineSensorAsync)
    i.SetDischargeTime                       0x000014b8   Section       20  linesensor.o(i.SetDischargeTime)
    i.SetMotorPowers                         0x000014cc   Section       40  motor.o(i.SetMotorPowers)
    i.SetServoPosition                       0x000014f4   Section       32  servo.o(i.SetServoPosition)
    i.SysCtlClockGet                         0x00001514   Section      484  sysctl.o(i.SysCtlClockGet)
    i.SysCtlClockSet                         0x000016f8   Section      312  sysctl.o(i.SysCtlClockSet)
    i.SysCtlPWMClockSet                      0x00001830   Section       20  sysctl.o(i.SysCtlPWMClockSet)
    i.SysCtlPeripheralEnable                 0x00001844   Section       32  sysctl.o(i.SysCtlPeripheralEnable)
    i.SysCtlPeripheralPresent                0x00001864   Section       60  sysctl.o(i.SysCtlPeripheralPresent)
    i.TimerConfigure                         0x000018a0   Section       28  timer.o(i.TimerConfigure)
    i.TimerDisable                           0x000018bc   Section       16  timer.o(i.TimerDisable)
    i.TimerEnable                            0x000018cc   Section       14  timer.o(i.TimerEnable)
    i.TimerIntClear                          0x000018da   Section        4  timer.o(i.TimerIntClear)
    i.TimerIntEnable                         0x000018de   Section        8  timer.o(i.TimerIntEnable)
    i.TimerLoadSet                           0x000018e6   Section       18  timer.o(i.TimerLoadSet)
    i.TimerValueGet                          0x000018f8   Section       10  timer.o(i.TimerValueGet)
    i.UARTCharGet                            0x00001902   Section       12  uart.o(i.UARTCharGet)
    i.UARTCharPut                            0x0000190e   Section       12  uart.o(i.UARTCharPut)
    i.UARTCharsAvail                         0x0000191a   Section       10  uart.o(i.UARTCharsAvail)
    i.UARTConfigSetExpClk                    0x00001924   Section      110  uart.o(i.UARTConfigSetExpClk)
    i.UARTEnable                             0x00001992   Section       20  uart.o(i.UARTEnable)
    i.UARTStdioInit                          0x000019a8   Section       80  uartstdio.o(i.UARTStdioInit)
    i.UARTgetc                               0x000019f8   Section       20  uartstdio.o(i.UARTgetc)
    i.UARTgets                               0x00001a0c   Section      152  uartstdio.o(i.UARTgets)
    i.UARTprintf                             0x00001aa4   Section      700  uartstdio.o(i.UARTprintf)
    i.UARTputc                               0x00001d60   Section       12  uartstdio.o(i.UARTputc)
    i.UARTwrite                              0x00001d6c   Section       56  uartstdio.o(i.UARTwrite)
    i.Wait                                   0x00001da4   Section      104  timer.o(i.Wait)
    i.WaitUS                                 0x00001e0c   Section      100  timer.o(i.WaitUS)
    i.__aeabi_errno_addr                     0x00001e70   Section        8  errno.o(i.__aeabi_errno_addr)
    i.__scatterload_copy                     0x00001e78   Section       14  handlers.o(i.__scatterload_copy)
    i.__scatterload_null                     0x00001e86   Section        2  handlers.o(i.__scatterload_null)
    i.__scatterload_zeroinit                 0x00001e88   Section       14  handlers.o(i.__scatterload_zeroinit)
    .constdata                               0x00001e98   Section     1130  rasdemo.o(.constdata)
    .constdata                               0x00002304   Section      156  sysctl.o(.constdata)
    g_pulDCRegs                              0x00002304   Data          16  sysctl.o(.constdata)
    g_pulSRCRRegs                            0x00002314   Data          12  sysctl.o(.constdata)
    g_pulRCGCRegs                            0x00002320   Data          12  sysctl.o(.constdata)
    g_pulSCGCRegs                            0x0000232c   Data          12  sysctl.o(.constdata)
    g_pulDCGCRegs                            0x00002338   Data          12  sysctl.o(.constdata)
    g_pulXtals                               0x00002344   Data          92  sysctl.o(.constdata)
    .constdata                               0x000023a0   Section       28  uartstdio.o(.constdata)
    g_pcHex                                  0x000023a0   Data           4  uartstdio.o(.constdata)
    g_ulUARTBase                             0x000023a4   Data          12  uartstdio.o(.constdata)
    g_ulUARTPeriph                           0x000023b0   Data          12  uartstdio.o(.constdata)
    .constdata                               0x000023bc   Section      129  ctype_o.o(.constdata)
    .constdata                               0x00002440   Section        4  ctype_o.o(.constdata)
    table                                    0x00002440   Data           4  ctype_o.o(.constdata)
    .conststring                             0x00002444   Section       17  uartstdio.o(.conststring)
    .data                                    0x20000000   Section       24  rasdemo.o(.data)
    base_velocity                            0x20000006   Data           1  rasdemo.o(.data)
    position                                 0x20000007   Data           1  rasdemo.o(.data)
    wait                                     0x20000008   Data           4  rasdemo.o(.data)
    discharge_time                           0x2000000c   Data           4  rasdemo.o(.data)
    wait                                     0x20000010   Data           4  rasdemo.o(.data)
    wait                                     0x20000014   Data           4  rasdemo.o(.data)
    .data                                    0x20000018   Section        1  timer.o(.data)
    isTimerInitialized                       0x20000018   Data           1  timer.o(.data)
    .data                                    0x2000001c   Section       12  init.o(.data)
    .data                                    0x20000028   Section        8  linesensor.o(.data)
    readyToRead                              0x20000028   Data           1  linesensor.o(.data)
    last_ls                                  0x20000029   Data           1  linesensor.o(.data)
    ls_dischargeTime                         0x2000002c   Data           4  linesensor.o(.data)
    .data                                    0x20000030   Section        4  motor.o(.data)
    s_ulMotorPeriod                          0x20000030   Data           4  motor.o(.data)
    .data                                    0x20000034   Section        8  servo.o(.data)
    us600                                    0x20000034   Data           4  servo.o(.data)
    us2400                                   0x20000038   Data           4  servo.o(.data)
    .data                                    0x2000003c   Section       16  encoder.o(.data)
    enc0                                     0x2000003c   Data           4  encoder.o(.data)
    enc1                                     0x20000040   Data           4  encoder.o(.data)
    dir0                                     0x20000044   Data           4  encoder.o(.data)
    dir1                                     0x20000048   Data           4  encoder.o(.data)
    .data                                    0x2000004c   Section        8  uartstdio.o(.data)
    bLastWasCR                               0x2000004c   Data           1  uartstdio.o(.data)
    g_ulBase                                 0x20000050   Data           4  uartstdio.o(.data)
    .data                                    0x20000054   Section        4  errno.o(.data)
    _errno                                   0x20000054   Data           4  errno.o(.data)
    .bss                                     0x20000058   Section       80  rasdemo.o(.bss)
    STACK                                    0x200000a8   Section      256  startup_rvmdk.o(STACK)
    StackMem                                 0x200000a8   Data           0  startup_rvmdk.o(STACK)

    Global Symbols

    Symbol Name                              Value     Ov Type        Size  Object(Section)

    BuildAttributes$$THM_ISAv4$P$D$K$B$S$PE$A:L22UL41UL21$X:L11$S22US41US21$IEEE1$IW$USESV6$~STKCKD$USESV7$~SHL$OTIME$EBA8$MICROLIB$REQ8$PRES8$EABIv2 0x00000000   Number         0  anon$$obj.o ABSOLUTE
    __ARM_use_no_argv                        0x00000000   Number         0  rasdemo.o ABSOLUTE
    __Vectors                                0x00000000   Data           0  startup_rvmdk.o(RESET)
    __decompress                              - Undefined Weak Reference
    Reset_Handler                            0x000000b9   Thumb Code     0  startup_rvmdk.o(RESET)
    __main                                   0x000000c5   Thumb Code     0  entry.o(.ARM.Collect$$$$00000000)
    _main_stk                                0x000000c5   Thumb Code     0  entry2.o(.ARM.Collect$$$$00000001)
    _main_scatterload                        0x000000c9   Thumb Code     0  entry5.o(.ARM.Collect$$$$00000004)
    __main_after_scatterload                 0x000000cd   Thumb Code     0  entry5.o(.ARM.Collect$$$$00000004)
    _main_init                               0x000000cd   Thumb Code     0  entry7.o(.ARM.Collect$$$$00000007)
    SysCtlDelay                              0x000000d9   Thumb Code     6  sysctl.o(.emb_text)
    CPUcpsid                                 0x000000e1   Thumb Code     8  cpu.o(.emb_text)
    CPUcpsie                                 0x000000e9   Thumb Code     8  cpu.o(.emb_text)
    CPUwfi                                   0x000000f1   Thumb Code     4  cpu.o(.emb_text)
    mainMenu                                 0x000000f5   Thumb Code     8  rasdemo.o(.text)
    encMenu                                  0x000000fd   Thumb Code     8  rasdemo.o(.text)
    encDemo                                  0x00000105   Thumb Code   326  rasdemo.o(.text)
    lsMenu                                   0x0000024b   Thumb Code     8  rasdemo.o(.text)
    lsDemo                                   0x00000253   Thumb Code   570  rasdemo.o(.text)
    adcMenu                                  0x0000048d   Thumb Code     8  rasdemo.o(.text)
    adcDemo                                  0x00000495   Thumb Code   468  rasdemo.o(.text)
    servoMenu                                0x00000669   Thumb Code    10  rasdemo.o(.text)
    servoDemo                                0x00000673   Thumb Code   138  rasdemo.o(.text)
    motorMenu                                0x000006fd   Thumb Code    10  rasdemo.o(.text)
    motorDemo                                0x00000707   Thumb Code   208  rasdemo.o(.text)
    main                                     0x000007d7   Thumb Code   382  rasdemo.o(.text)
    __rt_ctype_table                         0x00000a19   Thumb Code     4  ctype_o.o(.text)
    atoi                                     0x00000a21   Thumb Code    26  atoi.o(.text)
    strtol                                   0x00000a3b   Thumb Code   112  strtol.o(.text)
    __scatterload                            0x00000aad   Thumb Code    28  init.o(.text)
    __scatterload_rt2                        0x00000aad   Thumb Code     0  init.o(.text)
    _strtoul                                 0x00000ad1   Thumb Code   152  _strtoul.o(.text)
    _chval                                   0x00000b69   Thumb Code    32  _chval.o(.text)
    ADCIntStatus                             0x00000b89   Thumb Code    52  adc.o(i.ADCIntStatus)
    ADCProcessorTrigger                      0x00000bbd   Thumb Code    10  adc.o(i.ADCProcessorTrigger)
    ADCSequenceConfigure                     0x00000bc7   Thumb Code    50  adc.o(i.ADCSequenceConfigure)
    ADCSequenceDataGet                       0x00000bf9   Thumb Code    36  adc.o(i.ADCSequenceDataGet)
    ADCSequenceEnable                        0x00000c1d   Thumb Code    14  adc.o(i.ADCSequenceEnable)
    ADCSequenceStepConfigure                 0x00000c2b   Thumb Code   110  adc.o(i.ADCSequenceStepConfigure)
    EncoderInterruptHandler                  0x00000c99   Thumb Code   210  encoder.o(i.EncoderInterruptHandler)
    GPIODirModeSet                           0x00000d7d   Thumb Code    40  gpio.o(i.GPIODirModeSet)
    GPIOIntTypeSet                           0x00000da5   Thumb Code    58  gpio.o(i.GPIOIntTypeSet)
    GPIOPadConfigSet                         0x00000ddf   Thumb Code   176  gpio.o(i.GPIOPadConfigSet)
    GPIOPinIntClear                          0x00000e8f   Thumb Code     6  gpio.o(i.GPIOPinIntClear)
    GPIOPinIntEnable                         0x00000e95   Thumb Code    12  gpio.o(i.GPIOPinIntEnable)
    GPIOPinIntStatus                         0x00000ea1   Thumb Code    14  gpio.o(i.GPIOPinIntStatus)
    GPIOPinRead                              0x00000eaf   Thumb Code     6  gpio.o(i.GPIOPinRead)
    GPIOPinTypeGPIOInput                     0x00000eb5   Thumb Code    28  gpio.o(i.GPIOPinTypeGPIOInput)
    GPIOPinTypeGPIOOutput                    0x00000ed1   Thumb Code    28  gpio.o(i.GPIOPinTypeGPIOOutput)
    GPIOPinTypePWM                           0x00000eed   Thumb Code    28  gpio.o(i.GPIOPinTypePWM)
    GPIOPinTypeUART                          0x00000f09   Thumb Code    28  gpio.o(i.GPIOPinTypeUART)
    GPIOPinWrite                             0x00000f25   Thumb Code     6  gpio.o(i.GPIOPinWrite)
    GetEncoderCount                          0x00000f2d   Thumb Code    20  encoder.o(i.GetEncoderCount)
    GetEncoderCounts                         0x00000f45   Thumb Code    12  encoder.o(i.GetEncoderCounts)
    InitializeEncoders                       0x00000f55   Thumb Code   118  encoder.o(i.InitializeEncoders)
    InitializeLineSensorAsync                0x00000fe1   Thumb Code    88  linesensor.o(i.InitializeLineSensorAsync)
    InitializeMCU                            0x00001055   Thumb Code    44  init.o(i.InitializeMCU)
    InitializeMotors                         0x0000108d   Thumb Code   178  motor.o(i.InitializeMotors)
    InitializeServos                         0x00001161   Thumb Code   228  servo.o(i.InitializeServos)
    IntEnable                                0x00001265   Thumb Code   104  interrupt.o(i.IntEnable)
    IntMasterEnable                          0x000012cd   Thumb Code    10  interrupt.o(i.IntMasterEnable)
    LSIntHandler                             0x000012d9   Thumb Code   152  linesensor.o(i.LSIntHandler)
    LockoutProtection                        0x00001385   Thumb Code    34  init.o(i.LockoutProtection)
    PWMGenConfigure                          0x000013b1   Thumb Code    38  pwm.o(i.PWMGenConfigure)
    PWMGenEnable                             0x000013d7   Thumb Code    10  pwm.o(i.PWMGenEnable)
    PWMGenPeriodSet                          0x000013e1   Thumb Code    18  pwm.o(i.PWMGenPeriodSet)
    PWMOutputInvert                          0x000013f3   Thumb Code    16  pwm.o(i.PWMOutputInvert)
    PWMOutputState                           0x00001403   Thumb Code    16  pwm.o(i.PWMOutputState)
    PWMPulseWidthSet                         0x00001413   Thumb Code    32  pwm.o(i.PWMPulseWidthSet)
    PresetEncoderCounts                      0x00001435   Thumb Code     8  encoder.o(i.PresetEncoderCounts)
    ReadLineSensor                           0x00001441   Thumb Code    96  linesensor.o(i.ReadLineSensor)
    ReadLineSensorAsync                      0x000014ad   Thumb Code     6  linesensor.o(i.ReadLineSensorAsync)
    SetDischargeTime                         0x000014b9   Thumb Code    16  linesensor.o(i.SetDischargeTime)
    SetMotorPowers                           0x000014cd   Thumb Code    36  motor.o(i.SetMotorPowers)
    SetServoPosition                         0x000014f5   Thumb Code    24  servo.o(i.SetServoPosition)
    SysCtlClockGet                           0x00001515   Thumb Code   438  sysctl.o(i.SysCtlClockGet)
    SysCtlClockSet                           0x000016f9   Thumb Code   288  sysctl.o(i.SysCtlClockSet)
    SysCtlPWMClockSet                        0x00001831   Thumb Code    14  sysctl.o(i.SysCtlPWMClockSet)
    SysCtlPeripheralEnable                   0x00001845   Thumb Code    26  sysctl.o(i.SysCtlPeripheralEnable)
    SysCtlPeripheralPresent                  0x00001865   Thumb Code    46  sysctl.o(i.SysCtlPeripheralPresent)
    TimerConfigure                           0x000018a1   Thumb Code    28  timer.o(i.TimerConfigure)
    TimerDisable                             0x000018bd   Thumb Code    16  timer.o(i.TimerDisable)
    TimerEnable                              0x000018cd   Thumb Code    14  timer.o(i.TimerEnable)
    TimerIntClear                            0x000018db   Thumb Code     4  timer.o(i.TimerIntClear)
    TimerIntEnable                           0x000018df   Thumb Code     8  timer.o(i.TimerIntEnable)
    TimerLoadSet                             0x000018e7   Thumb Code    18  timer.o(i.TimerLoadSet)
    TimerValueGet                            0x000018f9   Thumb Code    10  timer.o(i.TimerValueGet)
    UARTCharGet                              0x00001903   Thumb Code    12  uart.o(i.UARTCharGet)
    UARTCharPut                              0x0000190f   Thumb Code    12  uart.o(i.UARTCharPut)
    UARTCharsAvail                           0x0000191b   Thumb Code    10  uart.o(i.UARTCharsAvail)
    UARTConfigSetExpClk                      0x00001925   Thumb Code   110  uart.o(i.UARTConfigSetExpClk)
    UARTEnable                               0x00001993   Thumb Code    20  uart.o(i.UARTEnable)
    UARTStdioInit                            0x000019a9   Thumb Code    66  uartstdio.o(i.UARTStdioInit)
    UARTgetc                                 0x000019f9   Thumb Code    14  uartstdio.o(i.UARTgetc)
    UARTgets                                 0x00001a0d   Thumb Code   140  uartstdio.o(i.UARTgets)
    UARTprintf                               0x00001aa5   Thumb Code   678  uartstdio.o(i.UARTprintf)
    UARTputc                                 0x00001d61   Thumb Code    12  uartstdio.o(i.UARTputc)
    UARTwrite                                0x00001d6d   Thumb Code    50  uartstdio.o(i.UARTwrite)
    Wait                                     0x00001da5   Thumb Code    86  timer.o(i.Wait)
    WaitUS                                   0x00001e0d   Thumb Code    82  timer.o(i.WaitUS)
    __aeabi_errno_addr                       0x00001e71   Thumb Code     4  errno.o(i.__aeabi_errno_addr)
    __rt_errno_addr                          0x00001e71   Thumb Code     0  errno.o(i.__aeabi_errno_addr)
    __scatterload_copy                       0x00001e79   Thumb Code    14  handlers.o(i.__scatterload_copy)
    __scatterload_null                       0x00001e87   Thumb Code     2  handlers.o(i.__scatterload_null)
    __scatterload_zeroinit                   0x00001e89   Thumb Code    14  handlers.o(i.__scatterload_zeroinit)
    __ctype_table                            0x000023bc   Data         129  ctype_o.o(.constdata)
    Region$$Table$$Base                      0x00002458   Number         0  anon$$obj.o(Region$$Table)
    Region$$Table$$Limit                     0x00002478   Number         0  anon$$obj.o(Region$$Table)
    main_state                               0x20000000   Data           1  rasdemo.o(.data)
    motor_state                              0x20000001   Data           1  rasdemo.o(.data)
    servo_state                              0x20000002   Data           1  rasdemo.o(.data)
    ls_state                                 0x20000003   Data           1  rasdemo.o(.data)
    adc_state                                0x20000004   Data           1  rasdemo.o(.data)
    encoder_state                            0x20000005   Data           1  rasdemo.o(.data)
    g_ulTicksPerSecond                       0x2000001c   Data           4  init.o(.data)
    g_ulTicksPerUs                           0x20000020   Data           4  init.o(.data)
    g_ulPWMTicksPerSecond                    0x20000024   Data           4  init.o(.data)
    buffer                                   0x20000058   Data          80  rasdemo.o(.bss)
    __initial_sp                             0x200001a8   Data           0  startup_rvmdk.o(STACK)



==============================================================================

Memory Map of the image

  Image Entry point : 0x000000b9

  Load Region LR_IROM (Base: 0x00000000, Size: 0x000024d0, Max: 0x00010000, ABSOLUTE)

    Execution Region ER_IROM (Base: 0x00000000, Size: 0x00002478, Max: 0x00010000, ABSOLUTE)

    Base Addr    Size         Type   Attr      Idx    E Section Name        Object

    0x00000000   0x000000c4   Code   RO           85  * RESET               startup_rvmdk.o
    0x000000c4   0x00000000   Code   RO         1773  * .ARM.Collect$$$$00000000  entry.o(mc_w.l)
    0x000000c4   0x00000004   Code   RO         1806    .ARM.Collect$$$$00000001  entry2.o(mc_w.l)
    0x000000c8   0x00000004   Code   RO         1809    .ARM.Collect$$$$00000004  entry5.o(mc_w.l)
    0x000000cc   0x00000008   Code   RO         1810    .ARM.Collect$$$$00000007  entry7.o(mc_w.l)
    0x000000d4   0x00000004   Code   RO         1807    .ARM.Collect$$$$00002712  entry2.o(mc_w.l)
    0x000000d8   0x00000006   Code   RO          485    .emb_text           sysctl.o(driverlib.lib)
    0x000000de   0x00000002   PAD
    0x000000e0   0x00000014   Code   RO         1329    .emb_text           cpu.o(driverlib.lib)
    0x000000f4   0x00000924   Code   RO            1    .text               rasdemo.o
    0x00000a18   0x00000008   Code   RO         1776    .text               ctype_o.o(mc_w.l)
    0x00000a20   0x0000001a   Code   RO         1804    .text               atoi.o(mc_w.l)
    0x00000a3a   0x00000070   Code   RO         1818    .text               strtol.o(mc_w.l)
    0x00000aaa   0x00000002   PAD
    0x00000aac   0x00000024   Code   RO         1820    .text               init.o(mc_w.l)
    0x00000ad0   0x00000098   Code   RO         1822    .text               _strtoul.o(mc_w.l)
    0x00000b68   0x00000020   Code   RO         1824    .text               _chval.o(mc_w.l)
    0x00000b88   0x00000034   Code   RO          104    i.ADCIntStatus      adc.o(driverlib.lib)
    0x00000bbc   0x0000000a   Code   RO          106    i.ADCProcessorTrigger  adc.o(driverlib.lib)
    0x00000bc6   0x00000032   Code   RO          107    i.ADCSequenceConfigure  adc.o(driverlib.lib)
    0x00000bf8   0x00000024   Code   RO          108    i.ADCSequenceDataGet  adc.o(driverlib.lib)
    0x00000c1c   0x0000000e   Code   RO          110    i.ADCSequenceEnable  adc.o(driverlib.lib)
    0x00000c2a   0x0000006e   Code   RO          113    i.ADCSequenceStepConfigure  adc.o(driverlib.lib)
    0x00000c98   0x000000e4   Code   RO         1200    i.EncoderInterruptHandler  encoder.o(RASLib.lib)
    0x00000d7c   0x00000028   Code   RO          284    i.GPIODirModeSet    gpio.o(driverlib.lib)
    0x00000da4   0x0000003a   Code   RO          287    i.GPIOIntTypeSet    gpio.o(driverlib.lib)
    0x00000dde   0x000000b0   Code   RO          289    i.GPIOPadConfigSet  gpio.o(driverlib.lib)
    0x00000e8e   0x00000006   Code   RO          291    i.GPIOPinIntClear   gpio.o(driverlib.lib)
    0x00000e94   0x0000000c   Code   RO          293    i.GPIOPinIntEnable  gpio.o(driverlib.lib)
    0x00000ea0   0x0000000e   Code   RO          294    i.GPIOPinIntStatus  gpio.o(driverlib.lib)
    0x00000eae   0x00000006   Code   RO          295    i.GPIOPinRead       gpio.o(driverlib.lib)
    0x00000eb4   0x0000001c   Code   RO          299    i.GPIOPinTypeGPIOInput  gpio.o(driverlib.lib)
    0x00000ed0   0x0000001c   Code   RO          300    i.GPIOPinTypeGPIOOutput  gpio.o(driverlib.lib)
    0x00000eec   0x0000001c   Code   RO          304    i.GPIOPinTypePWM    gpio.o(driverlib.lib)
    0x00000f08   0x0000001c   Code   RO          308    i.GPIOPinTypeUART   gpio.o(driverlib.lib)
    0x00000f24   0x00000006   Code   RO          311    i.GPIOPinWrite      gpio.o(driverlib.lib)
    0x00000f2a   0x00000002   PAD
    0x00000f2c   0x00000018   Code   RO         1201    i.GetEncoderCount   encoder.o(RASLib.lib)
    0x00000f44   0x00000010   Code   RO         1202    i.GetEncoderCounts  encoder.o(RASLib.lib)
    0x00000f54   0x0000008c   Code   RO         1203    i.InitializeEncoders  encoder.o(RASLib.lib)
    0x00000fe0   0x00000074   Code   RO         1075    i.InitializeLineSensorAsync  linesensor.o(RASLib.lib)
    0x00001054   0x00000038   Code   RO         1047    i.InitializeMCU     init.o(RASLib.lib)
    0x0000108c   0x000000d4   Code   RO         1146    i.InitializeMotors  motor.o(RASLib.lib)
    0x00001160   0x00000104   Code   RO         1177    i.InitializeServos  servo.o(RASLib.lib)
    0x00001264   0x00000068   Code   RO         1341    i.IntEnable         interrupt.o(driverlib.lib)
    0x000012cc   0x0000000a   Code   RO         1343    i.IntMasterEnable   interrupt.o(driverlib.lib)
    0x000012d6   0x00000002   PAD
    0x000012d8   0x000000ac   Code   RO         1076    i.LSIntHandler      linesensor.o(RASLib.lib)
    0x00001384   0x0000002c   Code   RO         1048    i.LockoutProtection  init.o(RASLib.lib)
    0x000013b0   0x00000026   Code   RO         1419    i.PWMGenConfigure   pwm.o(driverlib.lib)
    0x000013d6   0x0000000a   Code   RO         1421    i.PWMGenEnable      pwm.o(driverlib.lib)
    0x000013e0   0x00000012   Code   RO         1434    i.PWMGenPeriodSet   pwm.o(driverlib.lib)
    0x000013f2   0x00000010   Code   RO         1440    i.PWMOutputInvert   pwm.o(driverlib.lib)
    0x00001402   0x00000010   Code   RO         1441    i.PWMOutputState    pwm.o(driverlib.lib)
    0x00001412   0x00000020   Code   RO         1443    i.PWMPulseWidthSet  pwm.o(driverlib.lib)
    0x00001432   0x00000002   PAD
    0x00001434   0x0000000c   Code   RO         1205    i.PresetEncoderCounts  encoder.o(RASLib.lib)
    0x00001440   0x0000006c   Code   RO         1078    i.ReadLineSensor    linesensor.o(RASLib.lib)
    0x000014ac   0x0000000c   Code   RO         1079    i.ReadLineSensorAsync  linesensor.o(RASLib.lib)
    0x000014b8   0x00000014   Code   RO         1080    i.SetDischargeTime  linesensor.o(RASLib.lib)
    0x000014cc   0x00000028   Code   RO         1148    i.SetMotorPowers    motor.o(RASLib.lib)
    0x000014f4   0x00000020   Code   RO         1178    i.SetServoPosition  servo.o(RASLib.lib)
    0x00001514   0x000001e4   Code   RO          490    i.SysCtlClockGet    sysctl.o(driverlib.lib)
    0x000016f8   0x00000138   Code   RO          491    i.SysCtlClockSet    sysctl.o(driverlib.lib)
    0x00001830   0x00000014   Code   RO          510    i.SysCtlPWMClockSet  sysctl.o(driverlib.lib)
    0x00001844   0x00000020   Code   RO          515    i.SysCtlPeripheralEnable  sysctl.o(driverlib.lib)
    0x00001864   0x0000003c   Code   RO          516    i.SysCtlPeripheralPresent  sysctl.o(driverlib.lib)
    0x000018a0   0x0000001c   Code   RO         1623    i.TimerConfigure    timer.o(driverlib.lib)
    0x000018bc   0x00000010   Code   RO         1628    i.TimerDisable      timer.o(driverlib.lib)
    0x000018cc   0x0000000e   Code   RO         1629    i.TimerEnable       timer.o(driverlib.lib)
    0x000018da   0x00000004   Code   RO         1630    i.TimerIntClear     timer.o(driverlib.lib)
    0x000018de   0x00000008   Code   RO         1632    i.TimerIntEnable    timer.o(driverlib.lib)
    0x000018e6   0x00000012   Code   RO         1637    i.TimerLoadSet      timer.o(driverlib.lib)
    0x000018f8   0x0000000a   Code   RO         1645    i.TimerValueGet     timer.o(driverlib.lib)
    0x00001902   0x0000000c   Code   RO          760    i.UARTCharGet       uart.o(driverlib.lib)
    0x0000190e   0x0000000c   Code   RO          762    i.UARTCharPut       uart.o(driverlib.lib)
    0x0000191a   0x0000000a   Code   RO          764    i.UARTCharsAvail    uart.o(driverlib.lib)
    0x00001924   0x0000006e   Code   RO          766    i.UARTConfigSetExpClk  uart.o(driverlib.lib)
    0x00001992   0x00000014   Code   RO          771    i.UARTEnable        uart.o(driverlib.lib)
    0x000019a6   0x00000002   PAD
    0x000019a8   0x00000050   Code   RO         1247    i.UARTStdioInit     uartstdio.o(utils.lib)
    0x000019f8   0x00000014   Code   RO         1248    i.UARTgetc          uartstdio.o(utils.lib)
    0x00001a0c   0x00000098   Code   RO         1249    i.UARTgets          uartstdio.o(utils.lib)
    0x00001aa4   0x000002bc   Code   RO         1250    i.UARTprintf        uartstdio.o(utils.lib)
    0x00001d60   0x0000000c   Code   RO         1251    i.UARTputc          uartstdio.o(utils.lib)
    0x00001d6c   0x00000038   Code   RO         1252    i.UARTwrite         uartstdio.o(utils.lib)
    0x00001da4   0x00000068   Code   RO         1009    i.Wait              timer.o(RASLib.lib)
    0x00001e0c   0x00000064   Code   RO         1010    i.WaitUS            timer.o(RASLib.lib)
    0x00001e70   0x00000008   Code   RO         1811    i.__aeabi_errno_addr  errno.o(mc_w.l)
    0x00001e78   0x0000000e   Code   RO         1828    i.__scatterload_copy  handlers.o(mc_w.l)
    0x00001e86   0x00000002   Code   RO         1829    i.__scatterload_null  handlers.o(mc_w.l)
    0x00001e88   0x0000000e   Code   RO         1830    i.__scatterload_zeroinit  handlers.o(mc_w.l)
    0x00001e96   0x00000002   PAD
    0x00001e98   0x0000046a   Data   RO            3    .constdata          rasdemo.o
    0x00002302   0x00000002   PAD
    0x00002304   0x0000009c   Data   RO          528    .constdata          sysctl.o(driverlib.lib)
    0x000023a0   0x0000001c   Data   RO         1253    .constdata          uartstdio.o(utils.lib)
    0x000023bc   0x00000081   Data   RO         1777    .constdata          ctype_o.o(mc_w.l)
    0x0000243d   0x00000003   PAD
    0x00002440   0x00000004   Data   RO         1778    .constdata          ctype_o.o(mc_w.l)
    0x00002444   0x00000011   Data   RO         1254    .conststring        uartstdio.o(utils.lib)
    0x00002455   0x00000003   PAD
    0x00002458   0x00000020   Data   RO         1826    Region$$Table       anon$$obj.o


    Execution Region RW_IRAM (Base: 0x20000000, Size: 0x000001a8, Max: 0x00002000, ABSOLUTE)

    Base Addr    Size         Type   Attr      Idx    E Section Name        Object

    0x20000000   0x00000018   Data   RW            4    .data               rasdemo.o
    0x20000018   0x00000001   Data   RW         1011    .data               timer.o(RASLib.lib)
    0x20000019   0x00000003   PAD
    0x2000001c   0x0000000c   Data   RW         1049    .data               init.o(RASLib.lib)
    0x20000028   0x00000008   Data   RW         1083    .data               linesensor.o(RASLib.lib)
    0x20000030   0x00000004   Data   RW         1149    .data               motor.o(RASLib.lib)
    0x20000034   0x00000008   Data   RW         1179    .data               servo.o(RASLib.lib)
    0x2000003c   0x00000010   Data   RW         1206    .data               encoder.o(RASLib.lib)
    0x2000004c   0x00000008   Data   RW         1255    .data               uartstdio.o(utils.lib)
    0x20000054   0x00000004   Data   RW         1814    .data               errno.o(mc_w.l)
    0x20000058   0x00000050   Zero   RW            2    .bss                rasdemo.o
    0x200000a8   0x00000100   Zero   RW           83    STACK               startup_rvmdk.o


==============================================================================

Image component sizes


      Code (inc. data)   RO Data    RW Data    ZI Data      Debug   Object Name

      2340        404       1130         24         80       9077   rasdemo.o
       196        186          0          0        256        252   startup_rvmdk.o

    ----------------------------------------------------------------------
      2536        590       1164         24        336       9329   Object Totals
         0          0         32          0          0          0   (incl. Generated)
         0          0          2          0          0          3   (incl. Padding)

    ----------------------------------------------------------------------

      Code (inc. data)   RO Data    RW Data    ZI Data      Debug   Library Member Name

        32          0          0          0          0         68   _chval.o
       152          0          0          0          0         88   _strtoul.o
       272          0          0          0          0       6012   adc.o
        26          0          0          0          0         80   atoi.o
        20          0          0          0          0        284   cpu.o
         8          4        133          0          0         68   ctype_o.o
       420         52          0         16          0       3866   encoder.o
         0          0          0          0          0          0   entry.o
         8          4          0          0          0          0   entry2.o
         4          0          0          0          0          0   entry5.o
         8          4          0          0          0          0   entry7.o
         8          4          0          4          0         68   errno.o
       430          0          0          0          0       7040   gpio.o
        30          0          0          0          0          0   handlers.o
       136         30          0         12          0         68   init.o
       114          0          0          0          0       1010   interrupt.o
       428         70          0          8          0       3842   linesensor.o
       252         38          0          4          0       2290   motor.o
       130          0          0          0          0       3069   pwm.o
       292         40          0          8          0       2234   servo.o
       112          0          0          0          0         88   strtol.o
       914         96        156          0          0       4757   sysctl.o
       302         36          0          1          0       3310   timer.o
       164          0          0          0          0       3096   uart.o
      1020         60         45          8          0       6394   uartstdio.o

    ----------------------------------------------------------------------
      5296        438        340         64          0      47732   Library Totals
        14          0          6          3          0          0   (incl. Padding)

    ----------------------------------------------------------------------

      Code (inc. data)   RO Data    RW Data    ZI Data      Debug   Library Name

      1696        258          0         49          0      17350   RASLib.lib
      2142         96        156          0          0      28578   driverlib.lib
       424         24        133          4          0        528   mc_w.l
      1020         60         45          8          0       6394   utils.lib

    ----------------------------------------------------------------------
      5296        438        340         64          0      47732   Library Totals

    ----------------------------------------------------------------------

==============================================================================


      Code (inc. data)   RO Data    RW Data    ZI Data      Debug   

      7832       1028       1504         88        336      58632   Grand Totals
      7832       1028       1504         88        336      58632   ELF Image Totals
      7832       1028       1504         88          0          0   ROM Totals

==============================================================================

    Total RO  Size (Code + RO Data)                 9336 (   9.12kB)
    Total RW  Size (RW Data + ZI Data)               424 (   0.41kB)
    Total ROM Size (Code + RO Data + RW Data)       9424 (   9.20kB)

==============================================================================

